(mnist_lab) zzm@autodl-container-a53c499c18-6d3fc5e8:~/LAB/lab4/src$ python /home/zzm/LAB/lab4/src/main.py
Some weights of the model checkpoint at /home/zzm/LAB/lab4/src/model_hub/chinese-bert-wwm-ext were not used when initializing BertModel: ['cls.predictions.transform.LayerNorm.weight', 'cls.predictions.transform.dense.bias', 'cls.seq_relationship.weight', 'cls.predictions.transform.LayerNorm.bias', 'cls.seq_relationship.bias', 'cls.predictions.bias', 'cls.predictions.decoder.weight', 'cls.predictions.transform.dense.weight']
- This IS expected if you are initializing BertModel from the checkpoint of a model trained on another task or with another architecture (e.g. initializing a BertForSequenceClassification model from a BertForPreTraining model).
- This IS NOT expected if you are initializing BertModel from the checkpoint of a model that you expect to be exactly identical (initializing a BertForSequenceClassification model from a BertForSequenceClassification model).
/home/zzm/miniconda3/envs/mnist_lab/lib/python3.10/site-packages/torch/nn/modules/rnn.py:1013: UserWarning: dropout option adds dropout after all but last recurrent layer, so non-zero dropout expects num_layers greater than 1, but got dropout=0.1 and num_layers=1
  super().__init__("LSTM", *args, **kwargs)
/home/zzm/miniconda3/envs/mnist_lab/lib/python3.10/site-packages/transformers/optimization.py:391: FutureWarning: This implementation of AdamW is deprecated and will be removed in a future version. Use the PyTorch implementation torch.optim.AdamW instead, or set `no_deprecation_warning=True` to disable this warning
  warnings.warn(
【train】1/1 1/834 loss:243.496262
【train】1/1 2/834 loss:189.443817
【train】1/1 3/834 loss:277.871002
【train】1/1 4/834 loss:219.849655
【train】1/1 5/834 loss:211.269089
【train】1/1 6/834 loss:174.638535
【train】1/1 7/834 loss:143.987976
【train】1/1 8/834 loss:57.378540
【train】1/1 9/834 loss:88.522606
【train】1/1 10/834 loss:87.756165
【train】1/1 11/834 loss:76.476936
【train】1/1 12/834 loss:80.343956
【train】1/1 13/834 loss:70.165276
【train】1/1 14/834 loss:81.636902
【train】1/1 15/834 loss:92.838882
【train】1/1 16/834 loss:79.272942
【train】1/1 17/834 loss:77.202415
【train】1/1 18/834 loss:46.591290
【train】1/1 19/834 loss:97.595291
【train】1/1 20/834 loss:71.311829
【train】1/1 21/834 loss:70.302597
【train】1/1 22/834 loss:71.182404
【train】1/1 23/834 loss:60.313919
【train】1/1 24/834 loss:54.649216
【train】1/1 25/834 loss:101.977440
【train】1/1 26/834 loss:60.553692
【train】1/1 27/834 loss:89.308685
【train】1/1 28/834 loss:58.501522
【train】1/1 29/834 loss:69.650558
【train】1/1 30/834 loss:69.054718
【train】1/1 31/834 loss:62.935223
【train】1/1 32/834 loss:68.944214
【train】1/1 33/834 loss:76.468567
【train】1/1 34/834 loss:75.761841
【train】1/1 35/834 loss:55.891319
【train】1/1 36/834 loss:40.403782
【train】1/1 37/834 loss:70.386391
【train】1/1 38/834 loss:46.066513
【train】1/1 39/834 loss:60.471264
【train】1/1 40/834 loss:44.589813
【train】1/1 41/834 loss:61.424255
【train】1/1 42/834 loss:61.487106
【train】1/1 43/834 loss:49.382584
【train】1/1 44/834 loss:44.853909
【train】1/1 45/834 loss:41.553799
【train】1/1 46/834 loss:58.085781
【train】1/1 47/834 loss:57.330093
【train】1/1 48/834 loss:33.160091
【train】1/1 49/834 loss:48.808655
【train】1/1 50/834 loss:27.789719
【train】1/1 51/834 loss:47.091812
【train】1/1 52/834 loss:33.779579
【train】1/1 53/834 loss:30.750601
【train】1/1 54/834 loss:47.570885
【train】1/1 55/834 loss:37.903328
【train】1/1 56/834 loss:44.831997
【train】1/1 57/834 loss:35.796135
【train】1/1 58/834 loss:53.803741
【train】1/1 59/834 loss:43.799435
【train】1/1 60/834 loss:52.451958
【train】1/1 61/834 loss:30.373129
【train】1/1 62/834 loss:29.204397
【train】1/1 63/834 loss:31.032745
【train】1/1 64/834 loss:31.923370
【train】1/1 65/834 loss:43.300842
【train】1/1 66/834 loss:53.158855
【train】1/1 67/834 loss:37.694954
【train】1/1 68/834 loss:25.768393
【train】1/1 69/834 loss:34.213482
【train】1/1 70/834 loss:31.050838
【train】1/1 71/834 loss:47.039059
【train】1/1 72/834 loss:57.507469
【train】1/1 73/834 loss:36.998486
【train】1/1 74/834 loss:35.256210
【train】1/1 75/834 loss:28.163662
【train】1/1 76/834 loss:37.202477
【train】1/1 77/834 loss:34.736053
【train】1/1 78/834 loss:34.221474
【train】1/1 79/834 loss:31.678581
【train】1/1 80/834 loss:44.098328
【train】1/1 81/834 loss:28.345938
【train】1/1 82/834 loss:49.780830
【train】1/1 83/834 loss:48.007763
【train】1/1 84/834 loss:30.224075
【train】1/1 85/834 loss:47.702953
【train】1/1 86/834 loss:33.799492
【train】1/1 87/834 loss:27.895367
【train】1/1 88/834 loss:31.319172
【train】1/1 89/834 loss:28.078108
【train】1/1 90/834 loss:41.665306
【train】1/1 91/834 loss:30.062729
【train】1/1 92/834 loss:28.046856
【train】1/1 93/834 loss:28.990032
【train】1/1 94/834 loss:31.926636
【train】1/1 95/834 loss:32.075073
【train】1/1 96/834 loss:28.037848
【train】1/1 97/834 loss:19.775951
【train】1/1 98/834 loss:32.055901
【train】1/1 99/834 loss:30.928717
【train】1/1 100/834 loss:30.787926
【train】1/1 101/834 loss:18.868872
【train】1/1 102/834 loss:36.866142
【train】1/1 103/834 loss:21.917767
【train】1/1 104/834 loss:32.779564
【train】1/1 105/834 loss:26.149481
【train】1/1 106/834 loss:38.184155
【train】1/1 107/834 loss:31.530386
【train】1/1 108/834 loss:23.671337
【train】1/1 109/834 loss:31.778976
【train】1/1 110/834 loss:32.480450
【train】1/1 111/834 loss:20.158640
【train】1/1 112/834 loss:26.453802
【train】1/1 113/834 loss:29.375778
【train】1/1 114/834 loss:24.561712
【train】1/1 115/834 loss:19.001776
【train】1/1 116/834 loss:20.094683
【train】1/1 117/834 loss:30.131935
【train】1/1 118/834 loss:22.391922
【train】1/1 119/834 loss:23.112453
【train】1/1 120/834 loss:31.298407
【train】1/1 121/834 loss:21.708725
【train】1/1 122/834 loss:18.313656
【train】1/1 123/834 loss:21.587372
【train】1/1 124/834 loss:27.936346
【train】1/1 125/834 loss:28.439968
【train】1/1 126/834 loss:37.016747
【train】1/1 127/834 loss:21.118834
【train】1/1 128/834 loss:26.428722
【train】1/1 129/834 loss:30.146160
【train】1/1 130/834 loss:17.927589
【train】1/1 131/834 loss:19.102858
【train】1/1 132/834 loss:13.978409
【train】1/1 133/834 loss:23.066574
【train】1/1 134/834 loss:22.968824
【train】1/1 135/834 loss:14.572729
【train】1/1 136/834 loss:29.834570
【train】1/1 137/834 loss:23.234478
【train】1/1 138/834 loss:13.450000
【train】1/1 139/834 loss:18.768864
【train】1/1 140/834 loss:17.193424
【train】1/1 141/834 loss:30.602705
【train】1/1 142/834 loss:22.765041
【train】1/1 143/834 loss:26.099686
【train】1/1 144/834 loss:16.658340
【train】1/1 145/834 loss:22.215359
【train】1/1 146/834 loss:26.851561
【train】1/1 147/834 loss:22.272879
【train】1/1 148/834 loss:16.729467
【train】1/1 149/834 loss:27.320412
【train】1/1 150/834 loss:18.538029
【train】1/1 151/834 loss:18.082352
【train】1/1 152/834 loss:14.754783
【train】1/1 153/834 loss:23.955572
【train】1/1 154/834 loss:26.747738
【train】1/1 155/834 loss:18.125393
【train】1/1 156/834 loss:17.141159
【train】1/1 157/834 loss:14.645807
【train】1/1 158/834 loss:17.619419
【train】1/1 159/834 loss:14.349493
【train】1/1 160/834 loss:17.257874
【train】1/1 161/834 loss:26.181606
【train】1/1 162/834 loss:23.063229
【train】1/1 163/834 loss:20.088825
【train】1/1 164/834 loss:12.485518
【train】1/1 165/834 loss:21.447811
【train】1/1 166/834 loss:20.223293
【train】1/1 167/834 loss:18.900232
【train】1/1 168/834 loss:17.372183
【train】1/1 169/834 loss:21.247601
【train】1/1 170/834 loss:25.416298
【train】1/1 171/834 loss:14.051638
【train】1/1 172/834 loss:13.293780
【train】1/1 173/834 loss:16.999065
【train】1/1 174/834 loss:15.744535
【train】1/1 175/834 loss:15.558165
【train】1/1 176/834 loss:22.306240
【train】1/1 177/834 loss:18.643715
【train】1/1 178/834 loss:16.657085
【train】1/1 179/834 loss:15.750036
【train】1/1 180/834 loss:24.641647
【train】1/1 181/834 loss:29.470840
【train】1/1 182/834 loss:18.671059
【train】1/1 183/834 loss:31.687778
【train】1/1 184/834 loss:20.302782
【train】1/1 185/834 loss:15.428195
【train】1/1 186/834 loss:12.677538
【train】1/1 187/834 loss:21.038284
【train】1/1 188/834 loss:17.191788
【train】1/1 189/834 loss:12.600201
【train】1/1 190/834 loss:10.350603
【train】1/1 191/834 loss:14.609806
【train】1/1 192/834 loss:18.821413
【train】1/1 193/834 loss:35.570137
【train】1/1 194/834 loss:16.899895
【train】1/1 195/834 loss:8.372684
【train】1/1 196/834 loss:20.310577
【train】1/1 197/834 loss:15.784172
【train】1/1 198/834 loss:19.253847
【train】1/1 199/834 loss:18.997461
【train】1/1 200/834 loss:23.576698
【train】1/1 201/834 loss:26.005764
【train】1/1 202/834 loss:19.857784
【train】1/1 203/834 loss:19.308521
【train】1/1 204/834 loss:21.304291
【train】1/1 205/834 loss:17.705368
【train】1/1 206/834 loss:31.775589
【train】1/1 207/834 loss:18.719215
【train】1/1 208/834 loss:16.856201
【train】1/1 209/834 loss:16.752403
【train】1/1 210/834 loss:18.254219
【train】1/1 211/834 loss:15.504709
【train】1/1 212/834 loss:14.716068
【train】1/1 213/834 loss:22.351683
【train】1/1 214/834 loss:39.140862
【train】1/1 215/834 loss:32.202404
【train】1/1 216/834 loss:13.423221
【train】1/1 217/834 loss:15.310080
【train】1/1 218/834 loss:16.051620
【train】1/1 219/834 loss:18.530981
【train】1/1 220/834 loss:13.765402
【train】1/1 221/834 loss:19.230576
【train】1/1 222/834 loss:20.542866
【train】1/1 223/834 loss:11.178673
【train】1/1 224/834 loss:15.737303
【train】1/1 225/834 loss:10.242283
【train】1/1 226/834 loss:13.093252
【train】1/1 227/834 loss:43.605602
【train】1/1 228/834 loss:15.292361
【train】1/1 229/834 loss:15.368626
【train】1/1 230/834 loss:10.156483
【train】1/1 231/834 loss:37.303650
【train】1/1 232/834 loss:14.753931
【train】1/1 233/834 loss:27.058950
【train】1/1 234/834 loss:16.062374
【train】1/1 235/834 loss:9.057589
【train】1/1 236/834 loss:16.672155
【train】1/1 237/834 loss:14.410114
【train】1/1 238/834 loss:13.062574
【train】1/1 239/834 loss:20.065310
【train】1/1 240/834 loss:14.668250
【train】1/1 241/834 loss:12.750213
【train】1/1 242/834 loss:12.116812
【train】1/1 243/834 loss:17.605019
【train】1/1 244/834 loss:14.633354
【train】1/1 245/834 loss:9.809217
【train】1/1 246/834 loss:26.571295
【train】1/1 247/834 loss:12.952484
【train】1/1 248/834 loss:12.855591
【train】1/1 249/834 loss:11.966825
【train】1/1 250/834 loss:10.294350
【train】1/1 251/834 loss:12.342007
【train】1/1 252/834 loss:8.393813
【train】1/1 253/834 loss:15.470320
【train】1/1 254/834 loss:8.882376
【train】1/1 255/834 loss:41.642899
【train】1/1 256/834 loss:15.769724
【train】1/1 257/834 loss:9.925722
【train】1/1 258/834 loss:8.334402
【train】1/1 259/834 loss:7.283800
【train】1/1 260/834 loss:17.254444
【train】1/1 261/834 loss:11.380346
【train】1/1 262/834 loss:20.873388
【train】1/1 263/834 loss:9.383807
【train】1/1 264/834 loss:8.469886
【train】1/1 265/834 loss:27.602470
【train】1/1 266/834 loss:14.275543
【train】1/1 267/834 loss:18.919868
【train】1/1 268/834 loss:11.105304
【train】1/1 269/834 loss:14.484358
【train】1/1 270/834 loss:10.732468
【train】1/1 271/834 loss:10.210575
【train】1/1 272/834 loss:14.181898
【train】1/1 273/834 loss:11.082850
【train】1/1 274/834 loss:10.393572
【train】1/1 275/834 loss:13.498198
【train】1/1 276/834 loss:9.629974
【train】1/1 277/834 loss:20.080433
【train】1/1 278/834 loss:11.864691
【train】1/1 279/834 loss:22.359266
【train】1/1 280/834 loss:26.202923
【train】1/1 281/834 loss:6.157670
【train】1/1 282/834 loss:16.651279
【train】1/1 283/834 loss:12.201072
【train】1/1 284/834 loss:8.008934
【train】1/1 285/834 loss:14.046804
【train】1/1 286/834 loss:10.145991
【train】1/1 287/834 loss:8.422211
【train】1/1 288/834 loss:8.508490
【train】1/1 289/834 loss:16.810856
【train】1/1 290/834 loss:10.068370
【train】1/1 291/834 loss:10.780691
【train】1/1 292/834 loss:13.965415
【train】1/1 293/834 loss:11.377986
【train】1/1 294/834 loss:12.334835
【train】1/1 295/834 loss:13.425761
【train】1/1 296/834 loss:19.403433
【train】1/1 297/834 loss:9.954132
【train】1/1 298/834 loss:17.742218
【train】1/1 299/834 loss:16.985268
【train】1/1 300/834 loss:8.191425
【train】1/1 301/834 loss:12.834849
【train】1/1 302/834 loss:15.345612
【train】1/1 303/834 loss:14.831747
【train】1/1 304/834 loss:16.175262
【train】1/1 305/834 loss:12.992190
【train】1/1 306/834 loss:13.517168
【train】1/1 307/834 loss:13.426743
【train】1/1 308/834 loss:7.343963
【train】1/1 309/834 loss:11.986011
【train】1/1 310/834 loss:10.089907
【train】1/1 311/834 loss:7.414183
【train】1/1 312/834 loss:19.044945
【train】1/1 313/834 loss:15.459533
【train】1/1 314/834 loss:10.949604
【train】1/1 315/834 loss:10.830877
【train】1/1 316/834 loss:9.674667
【train】1/1 317/834 loss:9.883746
【train】1/1 318/834 loss:16.021393
【train】1/1 319/834 loss:11.869331
【train】1/1 320/834 loss:12.869304
【train】1/1 321/834 loss:15.403770
【train】1/1 322/834 loss:10.222143
【train】1/1 323/834 loss:14.069934
【train】1/1 324/834 loss:8.203176
【train】1/1 325/834 loss:7.532684
【train】1/1 326/834 loss:6.914978
【train】1/1 327/834 loss:9.865121
【train】1/1 328/834 loss:8.810015
【train】1/1 329/834 loss:17.320749
【train】1/1 330/834 loss:10.134792
【train】1/1 331/834 loss:12.503717
【train】1/1 332/834 loss:6.555499
【train】1/1 333/834 loss:11.300657
【train】1/1 334/834 loss:14.471939
【train】1/1 335/834 loss:11.091818
【train】1/1 336/834 loss:15.891775
【train】1/1 337/834 loss:13.466553
【train】1/1 338/834 loss:16.517483
【train】1/1 339/834 loss:10.500401
【train】1/1 340/834 loss:12.172511
【train】1/1 341/834 loss:16.494699
【train】1/1 342/834 loss:15.301264
【train】1/1 343/834 loss:9.861050
【train】1/1 344/834 loss:15.293353
【train】1/1 345/834 loss:13.365493
【train】1/1 346/834 loss:10.844905
【train】1/1 347/834 loss:11.066525
【train】1/1 348/834 loss:10.772600
【train】1/1 349/834 loss:14.665400
【train】1/1 350/834 loss:11.327216
【train】1/1 351/834 loss:11.735255
【train】1/1 352/834 loss:9.847879
【train】1/1 353/834 loss:12.668211
【train】1/1 354/834 loss:14.502028
【train】1/1 355/834 loss:7.605924
【train】1/1 356/834 loss:12.592630
【train】1/1 357/834 loss:9.094748
【train】1/1 358/834 loss:15.542262
【train】1/1 359/834 loss:13.759222
【train】1/1 360/834 loss:7.627374
【train】1/1 361/834 loss:14.529567
【train】1/1 362/834 loss:17.463774
【train】1/1 363/834 loss:10.461018
【train】1/1 364/834 loss:10.584007
【train】1/1 365/834 loss:21.749550
【train】1/1 366/834 loss:13.420207
【train】1/1 367/834 loss:10.586748
【train】1/1 368/834 loss:7.874592
【train】1/1 369/834 loss:8.076838
【train】1/1 370/834 loss:9.809122
【train】1/1 371/834 loss:9.686628
【train】1/1 372/834 loss:11.600142
【train】1/1 373/834 loss:9.242271
【train】1/1 374/834 loss:15.125609
【train】1/1 375/834 loss:7.980228
【train】1/1 376/834 loss:12.694862
【train】1/1 377/834 loss:10.383007
【train】1/1 378/834 loss:12.388125
【train】1/1 379/834 loss:5.197749
【train】1/1 380/834 loss:19.249073
【train】1/1 381/834 loss:9.949289
【train】1/1 382/834 loss:11.776954
【train】1/1 383/834 loss:12.213230
【train】1/1 384/834 loss:8.856283
【train】1/1 385/834 loss:7.156779
【train】1/1 386/834 loss:7.719432
【train】1/1 387/834 loss:8.909168
【train】1/1 388/834 loss:13.173892
【train】1/1 389/834 loss:5.580714
【train】1/1 390/834 loss:8.501116
【train】1/1 391/834 loss:14.136854
【train】1/1 392/834 loss:13.622534
【train】1/1 393/834 loss:7.737592
【train】1/1 394/834 loss:4.698665
【train】1/1 395/834 loss:14.392566
【train】1/1 396/834 loss:8.573409
【train】1/1 397/834 loss:15.515085
【train】1/1 398/834 loss:14.882891
【train】1/1 399/834 loss:13.493397
【train】1/1 400/834 loss:9.987349
【train】1/1 401/834 loss:10.598843
【train】1/1 402/834 loss:10.489619
【train】1/1 403/834 loss:14.323692
【train】1/1 404/834 loss:14.514590
【train】1/1 405/834 loss:12.916049
【train】1/1 406/834 loss:10.758650
【train】1/1 407/834 loss:12.976583
【train】1/1 408/834 loss:13.692757
【train】1/1 409/834 loss:8.164429
【train】1/1 410/834 loss:9.960524
【train】1/1 411/834 loss:5.801685
【train】1/1 412/834 loss:6.039001
【train】1/1 413/834 loss:7.340706
【train】1/1 414/834 loss:14.885687
【train】1/1 415/834 loss:12.328611
【train】1/1 416/834 loss:4.810252
【train】1/1 417/834 loss:10.281555
【train】1/1 418/834 loss:7.951667
【train】1/1 419/834 loss:8.927633
【train】1/1 420/834 loss:9.270372
【train】1/1 421/834 loss:5.069461
【train】1/1 422/834 loss:7.352197
【train】1/1 423/834 loss:12.252361
【train】1/1 424/834 loss:8.984234
【train】1/1 425/834 loss:11.379405
【train】1/1 426/834 loss:16.960262
【train】1/1 427/834 loss:10.569400
【train】1/1 428/834 loss:16.237238
【train】1/1 429/834 loss:13.938919
【train】1/1 430/834 loss:4.175895
【train】1/1 431/834 loss:16.857292
【train】1/1 432/834 loss:7.434867
【train】1/1 433/834 loss:8.645274
【train】1/1 434/834 loss:5.830423
【train】1/1 435/834 loss:12.919844
【train】1/1 436/834 loss:8.612205
【train】1/1 437/834 loss:6.611240
【train】1/1 438/834 loss:11.572837
【train】1/1 439/834 loss:6.990112
【train】1/1 440/834 loss:13.317820
【train】1/1 441/834 loss:4.335685
【train】1/1 442/834 loss:13.231589
【train】1/1 443/834 loss:14.803930
【train】1/1 444/834 loss:9.980194
【train】1/1 445/834 loss:7.555808
【train】1/1 446/834 loss:20.199898
【train】1/1 447/834 loss:11.885412
【train】1/1 448/834 loss:11.600909
【train】1/1 449/834 loss:12.979485
【train】1/1 450/834 loss:8.981209
【train】1/1 451/834 loss:6.925114
【train】1/1 452/834 loss:8.786624
【train】1/1 453/834 loss:9.257145
【train】1/1 454/834 loss:9.140242
【train】1/1 455/834 loss:7.553188
【train】1/1 456/834 loss:11.693321
【train】1/1 457/834 loss:13.675737
【train】1/1 458/834 loss:10.282504
【train】1/1 459/834 loss:5.856296
【train】1/1 460/834 loss:13.830603
【train】1/1 461/834 loss:17.824661
【train】1/1 462/834 loss:9.500819
【train】1/1 463/834 loss:4.241225
【train】1/1 464/834 loss:10.686857
【train】1/1 465/834 loss:18.608521
【train】1/1 466/834 loss:9.810047
【train】1/1 467/834 loss:21.109385
【train】1/1 468/834 loss:14.243979
【train】1/1 469/834 loss:9.417347
【train】1/1 470/834 loss:10.076466
【train】1/1 471/834 loss:9.512136
【train】1/1 472/834 loss:11.545538
【train】1/1 473/834 loss:4.219150
【train】1/1 474/834 loss:15.353512
【train】1/1 475/834 loss:20.002378
【train】1/1 476/834 loss:7.273489
【train】1/1 477/834 loss:13.995563
【train】1/1 478/834 loss:16.571379
【train】1/1 479/834 loss:8.605338
【train】1/1 480/834 loss:3.962900
【train】1/1 481/834 loss:8.440414
【train】1/1 482/834 loss:9.290103
【train】1/1 483/834 loss:15.364093
【train】1/1 484/834 loss:8.969241
【train】1/1 485/834 loss:29.720093
【train】1/1 486/834 loss:9.609358
【train】1/1 487/834 loss:13.700871
【train】1/1 488/834 loss:18.521452
【train】1/1 489/834 loss:7.602328
【train】1/1 490/834 loss:14.876795
【train】1/1 491/834 loss:5.714270
【train】1/1 492/834 loss:10.510627
【train】1/1 493/834 loss:8.194611
【train】1/1 494/834 loss:9.393742
【train】1/1 495/834 loss:12.276782
【train】1/1 496/834 loss:2.622246
【train】1/1 497/834 loss:12.686361
【train】1/1 498/834 loss:8.941804
【train】1/1 499/834 loss:8.512888
【train】1/1 500/834 loss:4.793045
【train】1/1 501/834 loss:9.998359
【train】1/1 502/834 loss:14.031775
【train】1/1 503/834 loss:15.383704
【train】1/1 504/834 loss:11.779816
【train】1/1 505/834 loss:13.395022
【train】1/1 506/834 loss:9.825221
【train】1/1 507/834 loss:8.946480
【train】1/1 508/834 loss:8.966976
【train】1/1 509/834 loss:7.819713
【train】1/1 510/834 loss:10.637716
【train】1/1 511/834 loss:9.352260
【train】1/1 512/834 loss:9.930656
【train】1/1 513/834 loss:14.411478
【train】1/1 514/834 loss:10.755045
【train】1/1 515/834 loss:6.944920
【train】1/1 516/834 loss:4.358910
【train】1/1 517/834 loss:8.707035
【train】1/1 518/834 loss:16.514315
【train】1/1 519/834 loss:6.672001
【train】1/1 520/834 loss:12.861247
【train】1/1 521/834 loss:14.977770
【train】1/1 522/834 loss:9.912732
【train】1/1 523/834 loss:10.064287
【train】1/1 524/834 loss:9.806017
【train】1/1 525/834 loss:12.015152
【train】1/1 526/834 loss:7.331029
【train】1/1 527/834 loss:7.002743
【train】1/1 528/834 loss:8.712935
【train】1/1 529/834 loss:8.891486
【train】1/1 530/834 loss:9.843857
【train】1/1 531/834 loss:12.719704
【train】1/1 532/834 loss:4.248405
【train】1/1 533/834 loss:9.645023
【train】1/1 534/834 loss:5.749479
【train】1/1 535/834 loss:8.875031
【train】1/1 536/834 loss:9.152656
【train】1/1 537/834 loss:4.166635
【train】1/1 538/834 loss:10.918788
【train】1/1 539/834 loss:10.276922
【train】1/1 540/834 loss:11.061911
【train】1/1 541/834 loss:10.517365
【train】1/1 542/834 loss:8.302616
【train】1/1 543/834 loss:5.382120
【train】1/1 544/834 loss:9.007280
【train】1/1 545/834 loss:11.256228
【train】1/1 546/834 loss:5.332208
【train】1/1 547/834 loss:6.237068
【train】1/1 548/834 loss:9.572659
【train】1/1 549/834 loss:12.493370
【train】1/1 550/834 loss:13.622425
【train】1/1 551/834 loss:10.696944
【train】1/1 552/834 loss:10.003364
【train】1/1 553/834 loss:10.443870
【train】1/1 554/834 loss:7.741224
【train】1/1 555/834 loss:20.698944
【train】1/1 556/834 loss:5.265854
【train】1/1 557/834 loss:6.484172
【train】1/1 558/834 loss:9.570709
【train】1/1 559/834 loss:13.822554
【train】1/1 560/834 loss:5.956046
【train】1/1 561/834 loss:12.340412
【train】1/1 562/834 loss:11.932406
【train】1/1 563/834 loss:5.896754
【train】1/1 564/834 loss:11.851408
【train】1/1 565/834 loss:14.580207
【train】1/1 566/834 loss:11.955318
【train】1/1 567/834 loss:6.953899
【train】1/1 568/834 loss:5.959644
【train】1/1 569/834 loss:7.643871
【train】1/1 570/834 loss:7.763227
【train】1/1 571/834 loss:8.009892
【train】1/1 572/834 loss:10.719076
【train】1/1 573/834 loss:9.708158
【train】1/1 574/834 loss:17.827312
【train】1/1 575/834 loss:10.644407
【train】1/1 576/834 loss:5.129051
【train】1/1 577/834 loss:5.782524
【train】1/1 578/834 loss:10.307358
【train】1/1 579/834 loss:11.156741
【train】1/1 580/834 loss:12.263916
【train】1/1 581/834 loss:8.358519
【train】1/1 582/834 loss:3.764067
【train】1/1 583/834 loss:10.516280
【train】1/1 584/834 loss:15.802404
【train】1/1 585/834 loss:13.785509
【train】1/1 586/834 loss:12.772410
【train】1/1 587/834 loss:6.047885
【train】1/1 588/834 loss:16.470083
【train】1/1 589/834 loss:13.420004
【train】1/1 590/834 loss:16.191414
【train】1/1 591/834 loss:10.412471
【train】1/1 592/834 loss:9.277271
【train】1/1 593/834 loss:5.865407
【train】1/1 594/834 loss:5.281448
【train】1/1 595/834 loss:5.493256
【train】1/1 596/834 loss:11.241389
【train】1/1 597/834 loss:9.477939
【train】1/1 598/834 loss:8.708824
【train】1/1 599/834 loss:5.351013
【train】1/1 600/834 loss:17.541878
【train】1/1 601/834 loss:11.003222
【train】1/1 602/834 loss:7.194616
【train】1/1 603/834 loss:7.960529
【train】1/1 604/834 loss:17.659533
【train】1/1 605/834 loss:11.111335
【train】1/1 606/834 loss:5.773449
【train】1/1 607/834 loss:5.901865
【train】1/1 608/834 loss:10.244949
【train】1/1 609/834 loss:11.969141
【train】1/1 610/834 loss:7.553744
【train】1/1 611/834 loss:6.805972
【train】1/1 612/834 loss:5.727013
【train】1/1 613/834 loss:9.938323
【train】1/1 614/834 loss:9.314569
【train】1/1 615/834 loss:13.400679
【train】1/1 616/834 loss:8.879169
【train】1/1 617/834 loss:6.987082
【train】1/1 618/834 loss:8.149715
【train】1/1 619/834 loss:6.837194
【train】1/1 620/834 loss:9.929718
【train】1/1 621/834 loss:8.652746
【train】1/1 622/834 loss:6.292961
【train】1/1 623/834 loss:4.865646
【train】1/1 624/834 loss:2.937557
【train】1/1 625/834 loss:11.852018
【train】1/1 626/834 loss:9.229877
【train】1/1 627/834 loss:6.895091
【train】1/1 628/834 loss:11.676555
【train】1/1 629/834 loss:13.659350
【train】1/1 630/834 loss:8.346786
【train】1/1 631/834 loss:6.412672
【train】1/1 632/834 loss:10.660578
【train】1/1 633/834 loss:10.511461
【train】1/1 634/834 loss:8.653926
【train】1/1 635/834 loss:11.507219
【train】1/1 636/834 loss:5.555446
【train】1/1 637/834 loss:6.420022
【train】1/1 638/834 loss:10.741953
【train】1/1 639/834 loss:17.201191
【train】1/1 640/834 loss:11.274120
【train】1/1 641/834 loss:12.858250
【train】1/1 642/834 loss:9.599651
【train】1/1 643/834 loss:12.084536
【train】1/1 644/834 loss:6.842142
【train】1/1 645/834 loss:9.408819
【train】1/1 646/834 loss:5.261509
【train】1/1 647/834 loss:5.376754
【train】1/1 648/834 loss:7.997012
【train】1/1 649/834 loss:10.102692
【train】1/1 650/834 loss:5.359211
【train】1/1 651/834 loss:10.882927
【train】1/1 652/834 loss:6.967667
【train】1/1 653/834 loss:4.738644
【train】1/1 654/834 loss:8.998512
【train】1/1 655/834 loss:4.257926
【train】1/1 656/834 loss:14.370300
【train】1/1 657/834 loss:9.017616
【train】1/1 658/834 loss:9.547516
【train】1/1 659/834 loss:9.373862
【train】1/1 660/834 loss:9.544181
【train】1/1 661/834 loss:6.705016
【train】1/1 662/834 loss:9.517397
【train】1/1 663/834 loss:5.468940
【train】1/1 664/834 loss:7.619244
【train】1/1 665/834 loss:6.494912
【train】1/1 666/834 loss:9.981144
【train】1/1 667/834 loss:8.403425
【train】1/1 668/834 loss:5.543598
【train】1/1 669/834 loss:7.484910
【train】1/1 670/834 loss:8.876421
【train】1/1 671/834 loss:5.460209
【train】1/1 672/834 loss:7.369249
【train】1/1 673/834 loss:8.660116
【train】1/1 674/834 loss:9.161159
【train】1/1 675/834 loss:12.164072
【train】1/1 676/834 loss:6.817710
【train】1/1 677/834 loss:11.609267
【train】1/1 678/834 loss:5.765157
【train】1/1 679/834 loss:11.294867
【train】1/1 680/834 loss:5.368415
【train】1/1 681/834 loss:7.639808
【train】1/1 682/834 loss:7.427909
【train】1/1 683/834 loss:9.988262
【train】1/1 684/834 loss:22.411118
【train】1/1 685/834 loss:14.742206
【train】1/1 686/834 loss:5.171278
【train】1/1 687/834 loss:6.530345
【train】1/1 688/834 loss:10.711464
【train】1/1 689/834 loss:10.576885
【train】1/1 690/834 loss:6.915253
【train】1/1 691/834 loss:6.482296
【train】1/1 692/834 loss:8.427169
【train】1/1 693/834 loss:5.711629
【train】1/1 694/834 loss:7.193618
【train】1/1 695/834 loss:10.262089
【train】1/1 696/834 loss:11.057155
【train】1/1 697/834 loss:6.563995
【train】1/1 698/834 loss:4.980327
【train】1/1 699/834 loss:7.317865
【train】1/1 700/834 loss:7.341123
【train】1/1 701/834 loss:10.137106
【train】1/1 702/834 loss:8.325248
【train】1/1 703/834 loss:8.949409
【train】1/1 704/834 loss:12.350592
【train】1/1 705/834 loss:5.145309
【train】1/1 706/834 loss:3.840025
【train】1/1 707/834 loss:11.126772
【train】1/1 708/834 loss:6.570202
【train】1/1 709/834 loss:5.865284
【train】1/1 710/834 loss:7.699107
【train】1/1 711/834 loss:9.400143
【train】1/1 712/834 loss:4.872490
【train】1/1 713/834 loss:6.812566
【train】1/1 714/834 loss:6.201429
【train】1/1 715/834 loss:12.910294
【train】1/1 716/834 loss:7.224753
【train】1/1 717/834 loss:7.953593
【train】1/1 718/834 loss:9.433296
【train】1/1 719/834 loss:7.797933
【train】1/1 720/834 loss:5.412853
【train】1/1 721/834 loss:8.509338
【train】1/1 722/834 loss:7.329739
【train】1/1 723/834 loss:14.600538
【train】1/1 724/834 loss:10.149139
【train】1/1 725/834 loss:8.037222
【train】1/1 726/834 loss:17.736780
【train】1/1 727/834 loss:5.377317
【train】1/1 728/834 loss:6.307369
【train】1/1 729/834 loss:11.169170
【train】1/1 730/834 loss:7.380624
【train】1/1 731/834 loss:22.712334
【train】1/1 732/834 loss:9.107997
【train】1/1 733/834 loss:11.447840
【train】1/1 734/834 loss:7.226914
【train】1/1 735/834 loss:7.588149
【train】1/1 736/834 loss:9.190047
【train】1/1 737/834 loss:11.555557
【train】1/1 738/834 loss:5.192960
【train】1/1 739/834 loss:7.947307
【train】1/1 740/834 loss:5.640623
【train】1/1 741/834 loss:10.080840
【train】1/1 742/834 loss:10.715466
【train】1/1 743/834 loss:8.821383
【train】1/1 744/834 loss:11.494320
【train】1/1 745/834 loss:5.765213
【train】1/1 746/834 loss:6.585979
【train】1/1 747/834 loss:10.396896
【train】1/1 748/834 loss:6.968460
【train】1/1 749/834 loss:9.962351
【train】1/1 750/834 loss:20.615997
【train】1/1 751/834 loss:11.319396
【train】1/1 752/834 loss:10.596039
【train】1/1 753/834 loss:13.760075
【train】1/1 754/834 loss:7.173447
【train】1/1 755/834 loss:9.976341
【train】1/1 756/834 loss:5.644543
【train】1/1 757/834 loss:17.810541
【train】1/1 758/834 loss:9.450343
【train】1/1 759/834 loss:14.254934
【train】1/1 760/834 loss:4.921194
【train】1/1 761/834 loss:12.714900
【train】1/1 762/834 loss:9.651179
【train】1/1 763/834 loss:15.089729
【train】1/1 764/834 loss:6.910759
【train】1/1 765/834 loss:12.196662
【train】1/1 766/834 loss:8.965743
【train】1/1 767/834 loss:8.200511
【train】1/1 768/834 loss:6.458337
【train】1/1 769/834 loss:11.283514
【train】1/1 770/834 loss:7.307213
【train】1/1 771/834 loss:10.051626
【train】1/1 772/834 loss:4.871416
【train】1/1 773/834 loss:4.296677
【train】1/1 774/834 loss:6.448902
【train】1/1 775/834 loss:7.507108
【train】1/1 776/834 loss:6.036644
【train】1/1 777/834 loss:8.478507
【train】1/1 778/834 loss:4.513321
【train】1/1 779/834 loss:9.950640
【train】1/1 780/834 loss:11.827006
【train】1/1 781/834 loss:9.177241
【train】1/1 782/834 loss:10.078225
【train】1/1 783/834 loss:8.755699
【train】1/1 784/834 loss:10.411818
【train】1/1 785/834 loss:10.172668
【train】1/1 786/834 loss:8.735301
【train】1/1 787/834 loss:9.180148
【train】1/1 788/834 loss:6.088348
【train】1/1 789/834 loss:9.989178
【train】1/1 790/834 loss:11.164786
【train】1/1 791/834 loss:13.334219
【train】1/1 792/834 loss:6.887453
【train】1/1 793/834 loss:3.751293
【train】1/1 794/834 loss:8.888003
【train】1/1 795/834 loss:6.325758
【train】1/1 796/834 loss:11.079074
【train】1/1 797/834 loss:4.642583
【train】1/1 798/834 loss:12.077972
【train】1/1 799/834 loss:5.233337
【train】1/1 800/834 loss:10.232100
【train】1/1 801/834 loss:4.832942
【train】1/1 802/834 loss:10.132095
【train】1/1 803/834 loss:11.473534
【train】1/1 804/834 loss:6.452731
【train】1/1 805/834 loss:9.758068
【train】1/1 806/834 loss:10.270961
【train】1/1 807/834 loss:5.577785
【train】1/1 808/834 loss:5.897827
【train】1/1 809/834 loss:4.612488
【train】1/1 810/834 loss:8.055628
【train】1/1 811/834 loss:10.902119
【train】1/1 812/834 loss:8.917475
【train】1/1 813/834 loss:7.217091
【train】1/1 814/834 loss:7.554082
【train】1/1 815/834 loss:6.742511
【train】1/1 816/834 loss:3.458689
【train】1/1 817/834 loss:5.006036
【train】1/1 818/834 loss:14.029951
【train】1/1 819/834 loss:8.936081
【train】1/1 820/834 loss:6.589366
【train】1/1 821/834 loss:7.123603
【train】1/1 822/834 loss:5.840169
【train】1/1 823/834 loss:7.538808
【train】1/1 824/834 loss:6.218832
【train】1/1 825/834 loss:6.466273
【train】1/1 826/834 loss:3.472290
【train】1/1 827/834 loss:6.657063
【train】1/1 828/834 loss:8.458057
【train】1/1 829/834 loss:5.210731
【train】1/1 830/834 loss:8.271972
【train】1/1 831/834 loss:9.729350
【train】1/1 832/834 loss:9.722147
【train】1/1 833/834 loss:5.613979
【train】1/1 834/834 loss:7.838005
100%|█████████████████████████████████████████████████████████████████████████████████████████████████████████████████████| 84/84 [00:12<00:00,  6.95it/s]
/home/zzm/miniconda3/envs/mnist_lab/lib/python3.10/site-packages/seqeval/metrics/v1.py:57: UndefinedMetricWarning: Precision and F-score are ill-defined and being set to 0.0 in labels with no predicted samples. Use `zero_division` parameter to control this behavior.
  _warn_prf(average, modifier, msg_start, len(result))
              precision    recall  f1-score   support

        Date       0.83      0.84      0.83       128
      Number       0.75      0.78      0.77        23
        Text       0.64      0.62      0.63        61
          人物       0.81      0.90      0.85      1589
          企业       0.61      0.48      0.54       143
       企业/品牌       0.00      0.00      0.00         4
          作品       0.00      0.00      0.00        12
          国家       0.80      0.60      0.69        68
        图书作品       0.77      0.79      0.78       179
          地点       0.52      0.40      0.45        30
          城市       0.00      0.00      0.00         5
          奖项       0.14      0.14      0.14        14
          学校       0.64      0.78      0.70        67
        影视作品       0.78      0.79      0.79       281
        文学作品       0.00      0.00      0.00         5
          景点       0.00      0.00      0.00         2
          机构       0.64      0.62      0.63       112
          歌曲       0.82      0.82      0.82       172
          气候       0.67      0.67      0.67         3
        电视综艺       0.66      0.93      0.77        27
         行政区       0.67      0.75      0.71         8
          语言       0.00      0.00      0.00         1
        音乐专辑       0.71      0.94      0.81        32

   micro avg       0.78      0.81      0.79      2966
   macro avg       0.50      0.51      0.50      2966
weighted avg       0.76      0.81      0.78      2966
